// Jest Snapshot v1, https://goo.gl/fbAQLP

exports[`matches snapshot 1`] = `
<div
  className="DefaultFieldClass"
  data-testid="field"
>
  <div
    className="DefaultLabelClass"
  >
    Field
    <div
      className="ErrorField"
      style={
        Object {
          "visibility": "hidden",
        }
      }
    />
  </div>
  <input
    className="DefaultInnerClass"
    data-testid="inputfield"
    name="Field"
    onChange={null}
    style={null}
    type="text"
    value=""
  />
</div>
`;
